[htmlcoder.me/preview/the_project/v.2.0/template/index-corporate-1.html]
[backblue.gif]
[fade.gif]
[index.html]
[htmlcoder.me/preview/the_project/v.2.0/template/htmlcoder.me]
[htmlcoder.me/preview/the_project/v.2.0/template/images/favicon.ico]
[htmlcoder.me/preview/the_project/v.2.0/template/index.html]
[htmlcoder.me/preview/the_project/v.2.0/template/images/logo_light_blue.png]
[htmlcoder.me/preview/the_project/v.2.0/template/index-rtl.html]
[htmlcoder.me/preview/the_project/v.2.0/template/index-corporate-2.html]
[htmlcoder.me/preview/the_project/v.2.0/template/index-corporate-3.html]
[htmlcoder.me/preview/the_project/v.2.0/template/index-corporate-4.html]
[htmlcoder.me/preview/the_project/v.2.0/template/index-corporate-5.html]
[htmlcoder.me/preview/the_project/v.2.0/template/index-shop.html]
[htmlcoder.me/preview/the_project/v.2.0/template/index-shop-2.html]
[htmlcoder.me/preview/the_project/v.2.0/template/index-portfolio.html]
[htmlcoder.me/preview/the_project/v.2.0/template/index-portfolio-2.html]
[htmlcoder.me/preview/the_project/v.2.0/template/index-medical.html]
[htmlcoder.me/preview/the_project/v.2.0/template/index-restaurant.html]
[htmlcoder.me/preview/the_project/v.2.0/template/index-restaurant-2.html]
[htmlcoder.me/preview/the_project/v.2.0/template/index-wedding.html]
[htmlcoder.me/preview/the_project/v.2.0/template/index-landing.html]
[htmlcoder.me/preview/the_project/v.2.0/template/index-landing-2.html]
[htmlcoder.me/preview/the_project/v.2.0/template/index-one-page.html]
[htmlcoder.me/preview/the_project/v.2.0/template/page-coming-soon.html]
[htmlcoder.me/preview/the_project/v.2.0/template/index-construction.html]
[htmlcoder.me/preview/the_project/v.2.0/template/index-hotel.html]
[htmlcoder.me/preview/the_project/v.2.0/template/index-education.html]
[htmlcoder.me/preview/the_project/v.2.0/template/index-blog.html]
[htmlcoder.me/preview/the_project/v.2.0/template/index-blog-2.html]
[htmlcoder.me/preview/the_project/v.2.0/template/index-beauty.html]
[htmlcoder.me/preview/the_project/v.2.0/template/index-gym.html]
[htmlcoder.me/preview/the_project/v.2.0/template/index-resume.html]
[htmlcoder.me/preview/the_project/v.2.0/template/index-agency.html]
[htmlcoder.me/preview/the_project/v.2.0/template/index-logistics.html]
[htmlcoder.me/preview/the_project/v.2.0/template/page-about.html]
[htmlcoder.me/preview/the_project/v.2.0/template/page-about-2.html]
[htmlcoder.me/preview/the_project/v.2.0/template/page-about-3.html]
[htmlcoder.me/preview/the_project/v.2.0/template/page-about-4.html]
[htmlcoder.me/preview/the_project/v.2.0/template/page-about-me.html]
[htmlcoder.me/preview/the_project/v.2.0/template/page-team.html]
[htmlcoder.me/preview/the_project/v.2.0/template/page-team-2.html]
[htmlcoder.me/preview/the_project/v.2.0/template/page-team-3.html]
[htmlcoder.me/preview/the_project/v.2.0/template/page-faq.html]
[htmlcoder.me/preview/the_project/v.2.0/template/page-services.html]
[htmlcoder.me/preview/the_project/v.2.0/template/page-services-2.html]
[htmlcoder.me/preview/the_project/v.2.0/template/page-services-3.html]
[htmlcoder.me/preview/the_project/v.2.0/template/page-contact.html]
[htmlcoder.me/preview/the_project/v.2.0/template/page-contact-2.html]
[htmlcoder.me/preview/the_project/v.2.0/template/page-contact-3.html]
[htmlcoder.me/preview/the_project/v.2.0/template/page-login.html]
[htmlcoder.me/preview/the_project/v.2.0/template/page-login-2.html]
[htmlcoder.me/preview/the_project/v.2.0/template/page-signup.html]
[htmlcoder.me/preview/the_project/v.2.0/template/page-signup-2.html]
[htmlcoder.me/preview/the_project/v.2.0/template/page-404-2.html]
[htmlcoder.me/preview/the_project/v.2.0/template/page-404.html]
[htmlcoder.me/preview/the_project/v.2.0/template/page-left-sidebar.html]
[htmlcoder.me/preview/the_project/v.2.0/template/page-right-sidebar.html]
[htmlcoder.me/preview/the_project/v.2.0/template/page-two-sidebars.html]
[htmlcoder.me/preview/the_project/v.2.0/template/page-two-sidebars-left.html]
[htmlcoder.me/preview/the_project/v.2.0/template/page-two-sidebars-right.html]
[htmlcoder.me/preview/the_project/v.2.0/template/page-no-sidebars.html]
[htmlcoder.me/preview/the_project/v.2.0/template/page-sitemap.html]
[htmlcoder.me/preview/the_project/v.2.0/template/images/section-image-3.png]
[htmlcoder.me/preview/the_project/v.2.0/template/features-headers-default.html]
[htmlcoder.me/preview/the_project/v.2.0/template/features-headers-default-dark.html]
[htmlcoder.me/preview/the_project/v.2.0/template/features-headers-gradient-dark.html]
[htmlcoder.me/preview/the_project/v.2.0/template/features-headers-gradient-light.html]
[htmlcoder.me/preview/the_project/v.2.0/template/features-headers-classic.html]
[htmlcoder.me/preview/the_project/v.2.0/template/features-headers-classic-dark.html]
[htmlcoder.me/preview/the_project/v.2.0/template/features-headers-colored.html]
[htmlcoder.me/preview/the_project/v.2.0/template/features-headers-colored-dark.html]
[htmlcoder.me/preview/the_project/v.2.0/template/features-headers-full-width.html]
[htmlcoder.me/preview/the_project/v.2.0/template/features-headers-offcanvas-left.html]
[htmlcoder.me/preview/the_project/v.2.0/template/features-headers-offcanvas-right.html]
[htmlcoder.me/preview/the_project/v.2.0/template/features-headers-logo-centered.html]
[htmlcoder.me/preview/the_project/v.2.0/template/features-headers-slider-top.html]
[htmlcoder.me/preview/the_project/v.2.0/template/features-headers-simple.html]
[htmlcoder.me/preview/the_project/v.2.0/template/features-menus-onhover-no-animations.html]
[htmlcoder.me/preview/the_project/v.2.0/template/features-menus-onclick.html]
[htmlcoder.me/preview/the_project/v.2.0/template/features-menus-onclick-no-animations.html]
[htmlcoder.me/preview/the_project/v.2.0/template/features-footers-default.html]
[htmlcoder.me/preview/the_project/v.2.0/template/features-footers-contact-form.html]
[htmlcoder.me/preview/the_project/v.2.0/template/features-footers-contact-form-2.html]
[htmlcoder.me/preview/the_project/v.2.0/template/features-footers-google-maps.html]
[htmlcoder.me/preview/the_project/v.2.0/template/features-footers-subscribe.html]
[htmlcoder.me/preview/the_project/v.2.0/template/features-footers-minimal.html]
[htmlcoder.me/preview/the_project/v.2.0/template/features-footers-links.html]
[htmlcoder.me/preview/the_project/v.2.0/template/features-footers-full-width.html]
[htmlcoder.me/preview/the_project/v.2.0/template/features-sliders-fullscreen.html]
[htmlcoder.me/preview/the_project/v.2.0/template/features-sliders-fullwidth.html]
[htmlcoder.me/preview/the_project/v.2.0/template/features-sliders-fullwidth-big-height.html]
[htmlcoder.me/preview/the_project/v.2.0/template/features-sliders-boxedwidth-light.html]
[htmlcoder.me/preview/the_project/v.2.0/template/features-sliders-boxedwidth-dark.html]
[htmlcoder.me/preview/the_project/v.2.0/template/features-sliders-boxedwidth-default.html]
[htmlcoder.me/preview/the_project/v.2.0/template/features-sliders-video-background.html]
[htmlcoder.me/preview/the_project/v.2.0/template/features-sliders-text-rotator.html]
[htmlcoder.me/preview/the_project/v.2.0/template/email_templates/email_template_blue.html]
[htmlcoder.me/preview/the_project/v.2.0/template/email_templates/email_template_brown.html]
[htmlcoder.me/preview/the_project/v.2.0/template/email_templates/email_template_cool_green.html]
[htmlcoder.me/preview/the_project/v.2.0/template/email_templates/email_template_dark_cyan.html]
[htmlcoder.me/preview/the_project/v.2.0/template/email_templates/email_template_dark_red.html]
[htmlcoder.me/preview/the_project/v.2.0/template/email_templates/email_template_gold.html]
[htmlcoder.me/preview/the_project/v.2.0/template/email_templates/email_template_gray.html]
[htmlcoder.me/preview/the_project/v.2.0/template/email_templates/email_template_green.html]
[htmlcoder.me/preview/the_project/v.2.0/template/email_templates/email_template_light_blue.html]
[htmlcoder.me/preview/the_project/v.2.0/template/email_templates/email_template_orange.html]
[htmlcoder.me/preview/the_project/v.2.0/template/email_templates/email_template_pink.html]
[htmlcoder.me/preview/the_project/v.2.0/template/email_templates/email_template_purple.html]
[htmlcoder.me/preview/the_project/v.2.0/template/email_templates/email_template_red.html]
[htmlcoder.me/preview/the_project/v.2.0/template/email_templates/email_template_vivid_red.html]
[htmlcoder.me/preview/the_project/v.2.0/template/features-pricing-tables-1.html]
[htmlcoder.me/preview/the_project/v.2.0/template/features-pricing-tables-2.html]
[htmlcoder.me/preview/the_project/v.2.0/template/features-pricing-tables-3.html]
[htmlcoder.me/preview/the_project/v.2.0/template/features-icons-fontawesome.html]
[htmlcoder.me/preview/the_project/v.2.0/template/features-icons-fontello.html]
[htmlcoder.me/preview/the_project/v.2.0/template/features-dark-page.html]
[htmlcoder.me/preview/the_project/v.2.0/template/features-typography.html]
[htmlcoder.me/preview/the_project/v.2.0/template/features-backgrounds.html]
[htmlcoder.me/preview/the_project/v.2.0/template/features-grid.html]
[htmlcoder.me/preview/the_project/v.2.0/template/components-social-icons.html]
[htmlcoder.me/preview/the_project/v.2.0/template/components-buttons.html]
[htmlcoder.me/preview/the_project/v.2.0/template/components-forms.html]
[htmlcoder.me/preview/the_project/v.2.0/template/components-tabs-and-pills.html]
[htmlcoder.me/preview/the_project/v.2.0/template/components-accordions.html]
[htmlcoder.me/preview/the_project/v.2.0/template/components-progress-bars.html]
[htmlcoder.me/preview/the_project/v.2.0/template/components-call-to-action.html]
[htmlcoder.me/preview/the_project/v.2.0/template/components-alerts-and-callouts.html]
[htmlcoder.me/preview/the_project/v.2.0/template/components-content-sliders.html]
[htmlcoder.me/preview/the_project/v.2.0/template/components-charts.html]
[htmlcoder.me/preview/the_project/v.2.0/template/components-page-loaders.html]
[htmlcoder.me/preview/the_project/v.2.0/template/components-icon-boxes.html]
[htmlcoder.me/preview/the_project/v.2.0/template/components-image-boxes.html]
[htmlcoder.me/preview/the_project/v.2.0/template/components-fullwidth-sections.html]
[htmlcoder.me/preview/the_project/v.2.0/template/components-animations.html]
[htmlcoder.me/preview/the_project/v.2.0/template/components-video-and-audio.html]
[htmlcoder.me/preview/the_project/v.2.0/template/components-lightbox.html]
[htmlcoder.me/preview/the_project/v.2.0/template/components-counters.html]
[htmlcoder.me/preview/the_project/v.2.0/template/components-modals.html]
[htmlcoder.me/preview/the_project/v.2.0/template/components-tables.html]
[htmlcoder.me/preview/the_project/v.2.0/template/components-text-rotators.html]
[htmlcoder.me/preview/the_project/v.2.0/template/components-announcement-default.html]
[htmlcoder.me/preview/the_project/v.2.0/template/components-separators.html]
[htmlcoder.me/preview/the_project/v.2.0/template/portfolio-grid-2-3-col.html]
[htmlcoder.me/preview/the_project/v.2.0/template/portfolio-grid-1-2-col.html]
[htmlcoder.me/preview/the_project/v.2.0/template/portfolio-grid-1-3-col.html]
[htmlcoder.me/preview/the_project/v.2.0/template/portfolio-grid-1-4-col.html]
[htmlcoder.me/preview/the_project/v.2.0/template/portfolio-grid-1-sidebar.html]
[htmlcoder.me/preview/the_project/v.2.0/template/portfolio-grid-2-2-col.html]
[htmlcoder.me/preview/the_project/v.2.0/template/portfolio-grid-2-4-col.html]
[htmlcoder.me/preview/the_project/v.2.0/template/portfolio-grid-2-sidebar.html]
[htmlcoder.me/preview/the_project/v.2.0/template/portfolio-grid-3-2-col.html]
[htmlcoder.me/preview/the_project/v.2.0/template/portfolio-grid-3-3-col.html]
[htmlcoder.me/preview/the_project/v.2.0/template/portfolio-grid-3-4-col.html]
[htmlcoder.me/preview/the_project/v.2.0/template/portfolio-grid-3-sidebar.html]
[htmlcoder.me/preview/the_project/v.2.0/template/portfolio-fullwidth-2-col.html]
[htmlcoder.me/preview/the_project/v.2.0/template/portfolio-fullwidth-3-col.html]
[htmlcoder.me/preview/the_project/v.2.0/template/portfolio-fullwidth-4-col.html]
[htmlcoder.me/preview/the_project/v.2.0/template/portfolio-list-1.html]
[htmlcoder.me/preview/the_project/v.2.0/template/portfolio-list-2.html]
[htmlcoder.me/preview/the_project/v.2.0/template/portfolio-list-sidebar.html]
[htmlcoder.me/preview/the_project/v.2.0/template/portfolio-item.html]
[htmlcoder.me/preview/the_project/v.2.0/template/portfolio-item-2.html]
[htmlcoder.me/preview/the_project/v.2.0/template/portfolio-item-3.html]
[htmlcoder.me/preview/the_project/v.2.0/template/shop-listing-4col.html]
[htmlcoder.me/preview/the_project/v.2.0/template/shop-listing-3col.html]
[htmlcoder.me/preview/the_project/v.2.0/template/shop-listing-2col.html]
[htmlcoder.me/preview/the_project/v.2.0/template/shop-listing-sidebar.html]
[htmlcoder.me/preview/the_project/v.2.0/template/shop-listing-list.html]
[htmlcoder.me/preview/the_project/v.2.0/template/shop-product.html]
[htmlcoder.me/preview/the_project/v.2.0/template/shop-product-2.html]
[htmlcoder.me/preview/the_project/v.2.0/template/shop-cart.html]
[htmlcoder.me/preview/the_project/v.2.0/template/shop-checkout.html]
[htmlcoder.me/preview/the_project/v.2.0/template/shop-checkout-payment.html]
[htmlcoder.me/preview/the_project/v.2.0/template/shop-checkout-review.html]
[htmlcoder.me/preview/the_project/v.2.0/template/shop-invoice.html]
[htmlcoder.me/preview/the_project/v.2.0/template/blog-large-image-right-sidebar.html]
[htmlcoder.me/preview/the_project/v.2.0/template/blog-large-image-left-sidebar.html]
[htmlcoder.me/preview/the_project/v.2.0/template/blog-large-image-no-sidebar.html]
[htmlcoder.me/preview/the_project/v.2.0/template/blog-medium-image-right-sidebar.html]
[htmlcoder.me/preview/the_project/v.2.0/template/blog-medium-image-left-sidebar.html]
[htmlcoder.me/preview/the_project/v.2.0/template/blog-medium-image-no-sidebar.html]
[htmlcoder.me/preview/the_project/v.2.0/template/blog-masonry-right-sidebar.html]
[htmlcoder.me/preview/the_project/v.2.0/template/blog-masonry-left-sidebar.html]
[htmlcoder.me/preview/the_project/v.2.0/template/blog-masonry-no-sidebar.html]
[htmlcoder.me/preview/the_project/v.2.0/template/blog-timeline.html]
[htmlcoder.me/preview/the_project/v.2.0/template/blog-post.html]
[htmlcoder.me/preview/the_project/v.2.0/template/images/corporate-1-slider-slide-1.jpg]
[htmlcoder.me/preview/the_project/v.2.0/template/images/corporate-1-slider-slide-2.jpg]
[htmlcoder.me/preview/the_project/v.2.0/template/images/section-image-4.jpg]
[htmlcoder.me/preview/the_project/v.2.0/template/images/page-services-banner.jpg]
[htmlcoder.me/preview/the_project/v.2.0/template/images/testimonial-1.jpg]
[htmlcoder.me/preview/the_project/v.2.0/template/images/testimonial-2.jpg]
[htmlcoder.me/preview/the_project/v.2.0/template/images/client-1.png]
[htmlcoder.me/preview/the_project/v.2.0/template/images/client-2.png]
[htmlcoder.me/preview/the_project/v.2.0/template/images/client-3.png]
[htmlcoder.me/preview/the_project/v.2.0/template/images/client-4.png]
[htmlcoder.me/preview/the_project/v.2.0/template/images/client-5.png]
[htmlcoder.me/preview/the_project/v.2.0/template/images/client-6.png]
[htmlcoder.me/preview/the_project/v.2.0/template/images/client-7.png]
[htmlcoder.me/preview/the_project/v.2.0/template/images/client-8.png]
[htmlcoder.me/preview/the_project/v.2.0/template/images/blog-thumb-1.jpg]
[htmlcoder.me/preview/the_project/v.2.0/template/images/blog-thumb-2.jpg]
[htmlcoder.me/preview/the_project/v.2.0/template/images/blog-thumb-3.jpg]
[htmlcoder.me/preview/the_project/v.2.0/template/images/blog-thumb-4.jpg]
[htmlcoder.me/preview/the_project/v.2.0/template/images/gallery-1.jpg]
[htmlcoder.me/preview/the_project/v.2.0/template/images/gallery-2.jpg]
[htmlcoder.me/preview/the_project/v.2.0/template/images/gallery-3.jpg]
[htmlcoder.me/preview/the_project/v.2.0/template/images/gallery-4.jpg]
[htmlcoder.me/preview/the_project/v.2.0/template/images/gallery-5.jpg]
[htmlcoder.me/preview/the_project/v.2.0/template/images/gallery-6.jpg]
[htmlcoder.me/preview/the_project/v.2.0/template/plugins/jquery.min.js]
[htmlcoder.me/preview/the_project/v.2.0/template/plugins/tether.min.js]
[htmlcoder.me/preview/the_project/v.2.0/template/bootstrap/js/bootstrap.min.js]
[htmlcoder.me/preview/the_project/v.2.0/template/plugins/modernizr.js]
[htmlcoder.me/preview/the_project/v.2.0/template/plugins/rs-plugin-5/js/jquery.themepunch.tools.min838f.js]
[htmlcoder.me/preview/the_project/v.2.0/template/plugins/rs-plugin-5/js/jquery.themepunch.revolution.min838f.js]
[htmlcoder.me/preview/the_project/v.2.0/template/plugins/isotope/isotope.pkgd.min.js]
[htmlcoder.me/preview/the_project/v.2.0/template/plugins/magnific-popup/jquery.magnific-popup.min.js]
[htmlcoder.me/preview/the_project/v.2.0/template/plugins/waypoints/jquery.waypoints.min.js]
[htmlcoder.me/preview/the_project/v.2.0/template/plugins/waypoints/sticky.min.js]
[htmlcoder.me/preview/the_project/v.2.0/template/plugins/jquery.countTo.js]
[htmlcoder.me/preview/the_project/v.2.0/template/plugins/jquery.parallax-1.1.3.js]
[htmlcoder.me/preview/the_project/v.2.0/template/plugins/jquery.validate.js]
[htmlcoder.me/preview/the_project/v.2.0/template/plugins/morphext/morphext.min.js]
[htmlcoder.me/preview/the_project/v.2.0/template/plugins/owlcarousel2/owl.carousel.min.js]
[htmlcoder.me/preview/the_project/v.2.0/template/js/template.js]
[htmlcoder.me/preview/the_project/v.2.0/template/js/custom.js]
[htmlcoder.me/preview/the_project/v.2.0/template/style-switcher/style-switcher.js]
[htmlcoder.me/preview/the_project/v.2.0/template/index-corporate-1.html]
[htmlcoder.me/preview/the_project/v.2.0/template/htmlcoder.html]
[htmlcoder.me/preview/the_project/v.2.0/template/bootstrap/css/bootstrap.css]
[htmlcoder.me/preview/the_project/v.2.0/template/fonts/font-awesome/fonts/fontawesome-webfont3e6e.eot]
[htmlcoder.me/preview/the_project/v.2.0/template/fonts/font-awesome/fonts/fontawesome-webfontd41d.eot]
[htmlcoder.me/preview/the_project/v.2.0/template/fonts/font-awesome/fonts/fontawesome-webfont3e6e.woff]
[htmlcoder.me/preview/the_project/v.2.0/template/fonts/font-awesome/fonts/fontawesome-webfont3e6e.ttf]
[htmlcoder.me/preview/the_project/v.2.0/template/fonts/font-awesome/css/font-awesome.css]
[htmlcoder.me/preview/the_project/v.2.0/template/fonts/fontello/font/fontello3904.eot]
[htmlcoder.me/preview/the_project/v.2.0/template/fonts/fontello/font/fontello3904.woff]
[htmlcoder.me/preview/the_project/v.2.0/template/fonts/fontello/font/fontello3904.ttf]
[htmlcoder.me/preview/the_project/v.2.0/template/fonts/fontello/css/fontello.css]
[htmlcoder.me/preview/the_project/v.2.0/template/plugins/magnific-popup/magnific-popup.css]
[htmlcoder.me/preview/the_project/v.2.0/template/plugins/rs-plugin-5/fonts/revicons/revicons90c6.eot]
[htmlcoder.me/preview/the_project/v.2.0/template/plugins/rs-plugin-5/fonts/revicons/revicons90c6.woff]
[htmlcoder.me/preview/the_project/v.2.0/template/plugins/rs-plugin-5/fonts/revicons/revicons90c6.ttf]
[htmlcoder.me/preview/the_project/v.2.0/template/plugins/rs-plugin-5/assets/gridtile.png]
[htmlcoder.me/preview/the_project/v.2.0/template/plugins/rs-plugin-5/assets/gridtile_white.png]
[htmlcoder.me/preview/the_project/v.2.0/template/plugins/rs-plugin-5/assets/gridtile_3x3.png]
[htmlcoder.me/preview/the_project/v.2.0/template/plugins/rs-plugin-5/assets/gridtile_3x3_white.png]
[htmlcoder.me/preview/the_project/v.2.0/template/plugins/rs-plugin-5/assets/coloredbg.png]
[htmlcoder.me/preview/the_project/v.2.0/template/plugins/rs-plugin-5/assets/loader.gif]
[htmlcoder.me/preview/the_project/v.2.0/template/plugins/rs-plugin-5/css/settings.css]
[htmlcoder.me/preview/the_project/v.2.0/template/plugins/rs-plugin-5/css/layers.css]
[htmlcoder.me/preview/the_project/v.2.0/template/plugins/rs-plugin-5/css/navigation.css]
[htmlcoder.me/preview/the_project/v.2.0/template/css/animations.css]
[htmlcoder.me/preview/the_project/v.2.0/template/plugins/owlcarousel2/assets/owl.video.play.png]
[htmlcoder.me/preview/the_project/v.2.0/template/plugins/owlcarousel2/assets/owl.carousel.min.css]
[htmlcoder.me/preview/the_project/v.2.0/template/plugins/owlcarousel2/assets/owl.theme.default.min.css]
[htmlcoder.me/preview/the_project/v.2.0/template/plugins/hover/hover-min.css]
[htmlcoder.me/preview/the_project/v.2.0/template/plugins/morphext/morphext.css]
[htmlcoder.me/preview/the_project/v.2.0/template/images/pattern-1.png]
[htmlcoder.me/preview/the_project/v.2.0/template/images/pattern-2.png]
[htmlcoder.me/preview/the_project/v.2.0/template/images/pattern-3.png]
[htmlcoder.me/preview/the_project/v.2.0/template/images/pattern-4.png]
[htmlcoder.me/preview/the_project/v.2.0/template/images/pattern-5.png]
[htmlcoder.me/preview/the_project/v.2.0/template/images/pattern-6.png]
[htmlcoder.me/preview/the_project/v.2.0/template/images/pattern-7.png]
[htmlcoder.me/preview/the_project/v.2.0/template/images/pattern-8.png]
[htmlcoder.me/preview/the_project/v.2.0/template/images/pattern-9.png]
[htmlcoder.me/preview/the_project/v.2.0/template/images/background-img-1.jpg]
[htmlcoder.me/preview/the_project/v.2.0/template/images/background-img-2.jpg]
[htmlcoder.me/preview/the_project/v.2.0/template/images/background-img-3.jpg]
[htmlcoder.me/preview/the_project/v.2.0/template/images/background-img-4.jpg]
[htmlcoder.me/preview/the_project/v.2.0/template/images/background-img-5.jpg]
[htmlcoder.me/preview/the_project/v.2.0/template/images/background-img-6.jpg]
[htmlcoder.me/preview/the_project/v.2.0/template/images/background-img-7.jpg]
[htmlcoder.me/preview/the_project/v.2.0/template/images/background-img-8.jpg]
[htmlcoder.me/preview/the_project/v.2.0/template/images/background-img-9.jpg]
[htmlcoder.me/preview/the_project/v.2.0/template/images/background-img-10.jpg]
[htmlcoder.me/preview/the_project/v.2.0/template/images/fullscreen-bg.jpg]
[htmlcoder.me/preview/the_project/v.2.0/template/css/style.css]
[htmlcoder.me/preview/the_project/v.2.0/template/css/typography-default.css]
[htmlcoder.me/preview/the_project/v.2.0/template/css/skins/light_blue.css]
[htmlcoder.me/preview/the_project/v.2.0/template/style-switcher/style-switcher.css]
[htmlcoder.me/preview/the_project/v.2.0/template/css/custom.css]
[htmlcoder.me/preview/the_project/v.2.0/template/images/slider-fullscreen-slide-1.jpg]
[htmlcoder.me/preview/the_project/v.2.0/template/images/slider-fullscreen-slide-2.jpg]
[htmlcoder.me/preview/the_project/v.2.0/template/images/section-image-1.png]
[htmlcoder.me/preview/the_project/v.2.0/template/images/section-image-2.png]
[htmlcoder.me/preview/the_project/v.2.0/template/images/section-image-3.jpg]
[htmlcoder.me/preview/the_project/v.2.0/template/images/portfolio-1.jpg]
[htmlcoder.me/preview/the_project/v.2.0/template/images/portfolio-2.jpg]
[htmlcoder.me/preview/the_project/v.2.0/template/images/portfolio-3.jpg]
[htmlcoder.me/preview/the_project/v.2.0/template/images/portfolio-4.jpg]
[htmlcoder.me/preview/the_project/v.2.0/template/images/portfolio-5.jpg]
[htmlcoder.me/preview/the_project/v.2.0/template/images/portfolio-6.jpg]
[htmlcoder.me/preview/the_project/v.2.0/template/index.html]
[htmlcoder.me/preview/the_project/v.2.0/template/index-rtl.html]
[htmlcoder.me/preview/the_project/v.2.0/template/images/corporate-2-slider-slide-1.jpg]
[htmlcoder.me/preview/the_project/v.2.0/template/images/corporate-2-slider-slide-2.jpg]
[htmlcoder.me/preview/the_project/v.2.0/template/index-corporate-2.html]
[htmlcoder.me/preview/the_project/v.2.0/template/images/portfolio-1-2.jpg]
[htmlcoder.me/preview/the_project/v.2.0/template/images/portfolio-1-3.jpg]
[htmlcoder.me/preview/the_project/v.2.0/template/index-corporate-3.html]
[htmlcoder.me/preview/the_project/v.2.0/template/images/corporate-4-slider-slide-1.jpg]
[htmlcoder.me/preview/the_project/v.2.0/template/images/corporate-4-slider-slide-2.jpg]
[htmlcoder.me/preview/the_project/v.2.0/template/images/page-about-banner-1.jpg]
[htmlcoder.me/preview/the_project/v.2.0/template/images/service-1.jpg]
[htmlcoder.me/preview/the_project/v.2.0/template/images/service-2.jpg]
[htmlcoder.me/preview/the_project/v.2.0/template/images/service-3.jpg]
[htmlcoder.me/preview/the_project/v.2.0/template/images/portfolio-7.jpg]
[htmlcoder.me/preview/the_project/v.2.0/template/images/portfolio-8.jpg]
[htmlcoder.me/preview/the_project/v.2.0/template/js/google.map.config.js]
[htmlcoder.me/preview/the_project/v.2.0/template/index-corporate-4.html]
[htmlcoder.me/preview/the_project/v.2.0/template/images/logo_gray.png]
[htmlcoder.me/preview/the_project/v.2.0/template/images/corporate-5-slider-slide-2.jpg]
[htmlcoder.me/preview/the_project/v.2.0/template/images/corporate-5-slider-slide-1.jpg]
[htmlcoder.me/preview/the_project/v.2.0/template/images/corporate-5-service-1.jpg]
[htmlcoder.me/preview/the_project/v.2.0/template/images/corporate-5-service-2.jpg]
[htmlcoder.me/preview/the_project/v.2.0/template/images/corporate-5-service-3.jpg]
[htmlcoder.me/preview/the_project/v.2.0/template/images/corporate-5-service-4.jpg]
[htmlcoder.me/preview/the_project/v.2.0/template/images/corporate-5-service-5.jpg]
[htmlcoder.me/preview/the_project/v.2.0/template/images/corporate-5-service-6.jpg]
[htmlcoder.me/preview/the_project/v.2.0/template/images/corporate-5-section-image-1.jpg]
[htmlcoder.me/preview/the_project/v.2.0/template/images/corporate-5-section-image-2.jpg]
[htmlcoder.me/preview/the_project/v.2.0/template/images/medical-blog-thumb-1.jpg]
[htmlcoder.me/preview/the_project/v.2.0/template/images/medical-blog-thumb-2.jpg]
[htmlcoder.me/preview/the_project/v.2.0/template/images/medical-blog-thumb-3.jpg]
[htmlcoder.me/preview/the_project/v.2.0/template/images/education-1.jpg]
[htmlcoder.me/preview/the_project/v.2.0/template/images/education-2.jpg]
[htmlcoder.me/preview/the_project/v.2.0/template/images/education-3.jpg]
[htmlcoder.me/preview/the_project/v.2.0/template/index-corporate-5.html]
[htmlcoder.me/preview/the_project/v.2.0/template/images/shop-slide-1.jpg]
[htmlcoder.me/preview/the_project/v.2.0/template/images/shop-slide-2.jpg]
[htmlcoder.me/preview/the_project/v.2.0/template/images/product-1.jpg]
[htmlcoder.me/preview/the_project/v.2.0/template/images/product-2.jpg]
[htmlcoder.me/preview/the_project/v.2.0/template/images/product-3.jpg]
[htmlcoder.me/preview/the_project/v.2.0/template/images/product-4.jpg]
[htmlcoder.me/preview/the_project/v.2.0/template/images/product-5.jpg]
[htmlcoder.me/preview/the_project/v.2.0/template/images/product-6.jpg]
[htmlcoder.me/preview/the_project/v.2.0/template/images/product-7.jpg]
[htmlcoder.me/preview/the_project/v.2.0/template/images/product-8.jpg]
[htmlcoder.me/preview/the_project/v.2.0/template/images/category-1.jpg]
[htmlcoder.me/preview/the_project/v.2.0/template/images/category-2.jpg]
[htmlcoder.me/preview/the_project/v.2.0/template/images/category-3.jpg]
[htmlcoder.me/preview/the_project/v.2.0/template/images/category-4.jpg]
[htmlcoder.me/preview/the_project/v.2.0/template/images/category-5.jpg]
[htmlcoder.me/preview/the_project/v.2.0/template/images/category-6.jpg]
[htmlcoder.me/preview/the_project/v.2.0/template/images/shop-banner.jpg]
[htmlcoder.me/preview/the_project/v.2.0/template/index-shop.html]
[htmlcoder.me/preview/the_project/v.2.0/template/index-shop-2.html]
[htmlcoder.me/preview/the_project/v.2.0/template/images/portfolio-slider-slide-1.jpg]
[htmlcoder.me/preview/the_project/v.2.0/template/images/portfolio-slider-slide-2.jpg]
[htmlcoder.me/preview/the_project/v.2.0/template/images/portfolio-9.jpg]
[htmlcoder.me/preview/the_project/v.2.0/template/images/portfolio-1-4.jpg]
[htmlcoder.me/preview/the_project/v.2.0/template/images/portfolio-1-5.jpg]
[htmlcoder.me/preview/the_project/v.2.0/template/images/portfolio-10.jpg]
[htmlcoder.me/preview/the_project/v.2.0/template/images/portfolio-11.jpg]
[htmlcoder.me/preview/the_project/v.2.0/template/images/portfolio-12.jpg]
[htmlcoder.me/preview/the_project/v.2.0/template/images/portfolio-13.jpg]
[htmlcoder.me/preview/the_project/v.2.0/template/images/portfolio-14.jpg]
[htmlcoder.me/preview/the_project/v.2.0/template/images/portfolio-15.jpg]
[htmlcoder.me/preview/the_project/v.2.0/template/images/portfolio-16.jpg]
[htmlcoder.me/preview/the_project/v.2.0/template/index-portfolio.html]
[htmlcoder.me/preview/the_project/v.2.0/template/images/logo_brown.png]
[htmlcoder.me/preview/the_project/v.2.0/template/images/portfolio-2-slide-1.jpg]
[htmlcoder.me/preview/the_project/v.2.0/template/images/section-image-4.png]
[htmlcoder.me/preview/the_project/v.2.0/template/index-portfolio-2.html]
[htmlcoder.me/preview/the_project/v.2.0/template/images/logo_dark_cyan.png]
[htmlcoder.me/preview/the_project/v.2.0/template/images/medical-slider-slide-1.jpg]
[htmlcoder.me/preview/the_project/v.2.0/template/images/medical-slider-slide-2.jpg]
[htmlcoder.me/preview/the_project/v.2.0/template/images/medical-service-1.jpg]
[htmlcoder.me/preview/the_project/v.2.0/template/images/medical-service-2.jpg]
[htmlcoder.me/preview/the_project/v.2.0/template/images/medical-service-3.jpg]
[htmlcoder.me/preview/the_project/v.2.0/template/images/medical-section-image-1.jpg]
[htmlcoder.me/preview/the_project/v.2.0/template/images/medical-team-member-1.jpg]
[htmlcoder.me/preview/the_project/v.2.0/template/images/medical-team-member-2.jpg]
[htmlcoder.me/preview/the_project/v.2.0/template/images/medical-team-member-3.jpg]
[htmlcoder.me/preview/the_project/v.2.0/template/images/medical-team-member-4.jpg]
[htmlcoder.me/preview/the_project/v.2.0/template/index-medical.html]
[htmlcoder.me/preview/the_project/v.2.0/template/images/restaurant-slider-slide-2.jpg]
[htmlcoder.me/preview/the_project/v.2.0/template/images/restaurant-video-banner-poster.jpg]
[htmlcoder.me/preview/the_project/v.2.0/template/images/logo_orange.png]
[htmlcoder.me/preview/the_project/v.2.0/template/images/restaurant-section-image-1.jpg]
[htmlcoder.me/preview/the_project/v.2.0/template/images/restaurant-dish-1.jpg]
[htmlcoder.me/preview/the_project/v.2.0/template/images/restaurant-dish-2.jpg]
[htmlcoder.me/preview/the_project/v.2.0/template/images/restaurant-dish-3.jpg]
[htmlcoder.me/preview/the_project/v.2.0/template/images/restaurant-dish-4.jpg]
[htmlcoder.me/preview/the_project/v.2.0/template/images/restaurant-dish-5.jpg]
[htmlcoder.me/preview/the_project/v.2.0/template/images/restaurant-dish-6.jpg]
[htmlcoder.me/preview/the_project/v.2.0/template/images/restaurant-dish-7.jpg]
[htmlcoder.me/preview/the_project/v.2.0/template/images/restaurant-dish-8.jpg]
[htmlcoder.me/preview/the_project/v.2.0/template/images/restaurant-dish-9.jpg]
[htmlcoder.me/preview/the_project/v.2.0/template/images/restaurant-dish-10.jpg]
[htmlcoder.me/preview/the_project/v.2.0/template/images/restaurant-dish-11.jpg]
[htmlcoder.me/preview/the_project/v.2.0/template/index-restaurant.html]
[htmlcoder.me/preview/the_project/v.2.0/template/images/logo_gold.png]
[htmlcoder.me/preview/the_project/v.2.0/template/images/restaurant-2-intro.jpg]
[htmlcoder.me/preview/the_project/v.2.0/template/index-restaurant-2.html]
[htmlcoder.me/preview/the_project/v.2.0/template/index-wedding.html]
[htmlcoder.me/preview/the_project/v.2.0/template/index-landing.html]
[htmlcoder.me/preview/the_project/v.2.0/template/images/landing-page-banner.jpg]
[htmlcoder.me/preview/the_project/v.2.0/template/images/logo_blue.png]
[htmlcoder.me/preview/the_project/v.2.0/template/images/landing-page-2-banner.jpg]
[htmlcoder.me/preview/the_project/v.2.0/template/images/landing-background-img-1.jpg]
[htmlcoder.me/preview/the_project/v.2.0/template/plugins/pace/pace.min.js]
[htmlcoder.me/preview/the_project/v.2.0/template/index-landing-2.html]
[htmlcoder.me/preview/the_project/v.2.0/template/page-coming-soon.html]
[htmlcoder.me/preview/the_project/v.2.0/template/images/section-image-5.jpg]
[htmlcoder.me/preview/the_project/v.2.0/template/index-one-page.html]
[htmlcoder.me/preview/the_project/v.2.0/template/images/construction-slider-slide-1.jpg]
